To honour the JVM settings for this build a single-use Daemon process will be forked. For more on this, please refer to https://docs.gradle.org/9.3.1/userguide/gradle_daemon.html#sec:disabling_the_daemon in the Gradle documentation.
Daemon will be stopped at the end of the build 
> Task :app:clean FAILED
.\gradlew.bat : 
En línea: 1 Carácter: 62
+ ... cuments\RecipeGeneratorMenus"; .\gradlew.bat clean build 2>&1 | Tee-O ...
+                                    ~~~~~~~~~~~~~~~~~~~~~~~~~~~~~~
    + CategoryInfo          : NotSpecified: (:String) [], RemoteException
    + FullyQualifiedErrorId : NativeCommandError
 
FAILURE: Build failed with an exception.

* What went wrong:
Execution failed for task ':app:clean'.
> java.io.IOException: Unable to delete directory 'C:\Users\herna\OneDrive\Documents\RecipeGeneratorMenus\app\build'
    Failed to delete some children. This might happen because a process has files open or has its working directory set in the target directory.
    - C:\Users\herna\OneDrive\Documents\RecipeGeneratorMenus\app\build\generated\res\pngs\debug
    - C:\Users\herna\OneDrive\Documents\RecipeGeneratorMenus\app\build\generated\res\pngs
    - C:\Users\herna\OneDrive\Documents\RecipeGeneratorMenus\app\build\generated\res
    - C:\Users\herna\OneDrive\Documents\RecipeGeneratorMenus\app\build\generated
    - C:\Users\herna\OneDrive\Documents\RecipeGeneratorMenus\app\build\intermediates\compiled_navigation_res\debug\compileDebugNavigationResources\navigation
    - C:\Users\herna\OneDrive\Documents\RecipeGeneratorMenus\app\build\intermediates\compiled_navigation_res\debug\compileDebugNavigationResources
    - C:\Users\herna\OneDrive\Documents\RecipeGeneratorMenus\app\build\intermediates\compiled_navigation_res\debug
    - C:\Users\herna\OneDrive\Documents\RecipeGeneratorMenus\app\build\intermediates\compiled_navigation_res
    - C:\Users\herna\OneDrive\Documents\RecipeGeneratorMenus\app\build\intermediates\data_binding_layout_info_type_merge\debug\mergeDebugResources\out
    - C:\Users\herna\OneDrive\Documents\RecipeGeneratorMenus\app\build\intermediates\data_binding_layout_info_type_merge\debug\mergeDebugResources
    - C:\Users\herna\OneDrive\Documents\RecipeGeneratorMenus\app\build\intermediates\data_binding_layout_info_type_merge\debug
    - C:\Users\herna\OneDrive\Documents\RecipeGeneratorMenus\app\build\intermediates\data_binding_layout_info_type_merge
    - C:\Users\herna\OneDrive\Documents\RecipeGeneratorMenus\app\build\intermediates\dex\debug\mergeLibDexDebug\0
    - C:\Users\herna\OneDrive\Documents\RecipeGeneratorMenus\app\build\intermediates\dex\debug\mergeLibDexDebug\1
    - C:\Users\herna\OneDrive\Documents\RecipeGeneratorMenus\app\build\intermediates\dex\debug\mergeLibDexDebug\10
    - C:\Users\herna\OneDrive\Documents\RecipeGeneratorMenus\app\build\intermediates\dex\debug\mergeLibDexDebug\11
    - and more ...
    New files were found. This might happen because a process is still writing to the target directory.
    - C:\Users\herna\OneDrive\Documents\RecipeGeneratorMenus\app\build\intermediates
    - C:\Users\herna\OneDrive\Documents\RecipeGeneratorMenus\app\build\intermediates\dex\debug

* Try:
> Run with --stacktrace option to get the stack trace.
> Run with --info or --debug option to get more log output.
> Run with --scan to get full insights from a Build Scan (powered by Develocity).
> Get more help at https://help.gradle.org.

BUILD FAILED in 48s
1 actionable task: 1 executed
